--- Starting API Tests ---

[1] Registering User...
Response: 201 testuser1773085644586@example.com

[2] Logging in...
Token received: true

[3] Getting Profile...
Response: 200 Test User

[4] Creating Product (Admin)...
Product created ID: 69af23cdaa3dc2490a9f313d

[5] Getting All Products...
Products found: 1

[6] Getting Single Product...
Product name: Test Product

[7] Adding to Cart...
Params returned: 201

[8] Updating Cart Item Quantity...
Update return: 200

[9] Fetching Cart...
Cart Items Count: 1

[10] Creating Order...
Order created ID: 69af23cdaa3dc2490a9f314f

[11] Fetching My Orders...
My Orders Count: 1

[12] Updating Order Status (Admin)...
Order Status: Shipped

[13] Removing Cart Item...
Remove item return: 200

[14] Deleting Product (Admin)...
Product deletion return: 200

Γ£à ALL TESTS PASSED SUCCESSFULLY!
